
Memory Configuration

Name             Origin             Length             Attributes
flash            0x08000000         0x00020000         xr
sram             0x20000000         0x00005000         xrw
*default*        0x00000000         0xffffffff

Linker script and memory map


.vectors        0x08000000       0x10
 startup.o(.rodata*)
 .rodata        0x08000000       0x10 startup.o
                0x08000000                vectors

.text           0x08000010      0x278
 *(.text)
 .text          0x08000010       0x80 startup.o
                0x08000010                H_Fault_Handler
                0x08000010                MM_Fault_Handler
                0x08000010                Default_Handler
                0x08000010                NMI_Handler
                0x0800001c                Reset_Handler
 .text          0x08000090       0x5c alarm.o
                0x08000090                start_alarm
                0x080000a0                wait_alarm
                0x080000b4                stop_alarm
                0x080000c4                get_alarm_state
 .text          0x080000ec      0x10c driver.o
                0x080000ec                Delay
                0x0800010e                get_port_value
                0x08000124                Set_pin_value
                0x0800017c                get_pin_value
                0x080001a8                GPIO_INITIALIZATION
 .text          0x080001f8       0x5c main.o
                0x080001f8                main
 .text          0x08000254       0x34 pressure_sensor.o
                0x08000254                get_sensor_value
                0x08000262                check_sensor_value
 *(.rodata)
                0x08000288                _E_text = .

.glue_7         0x08000288        0x0
 .glue_7        0x08000288        0x0 linker stubs

.glue_7t        0x08000288        0x0
 .glue_7t       0x08000288        0x0 linker stubs

.vfp11_veneer   0x08000288        0x0
 .vfp11_veneer  0x08000288        0x0 linker stubs

.v4_bx          0x08000288        0x0
 .v4_bx         0x08000288        0x0 linker stubs

.iplt           0x08000288        0x0
 .iplt          0x08000288        0x0 startup.o

.rel.dyn        0x08000288        0x0
 .rel.iplt      0x08000288        0x0 startup.o

.data           0x20000000        0x0 load address 0x08000288
                0x20000000                _S_data = .
 *(.data)
 .data          0x20000000        0x0 startup.o
 .data          0x20000000        0x0 alarm.o
 .data          0x20000000        0x0 driver.o
 .data          0x20000000        0x0 main.o
 .data          0x20000000        0x0 pressure_sensor.o
                0x20000000                _E_data = .

.igot.plt       0x20000000        0x0 load address 0x08000288
 .igot.plt      0x20000000        0x0 startup.o

.bss            0x20000000     0x1004 load address 0x08000288
                0x20000000                _S_bss = .
 *(.bss)
 .bss           0x20000000        0x0 startup.o
 .bss           0x20000000        0x0 alarm.o
 .bss           0x20000000        0x0 driver.o
 .bss           0x20000000        0x2 main.o
                0x20000000                presure_sensor_read
                0x20000001                presure_state
 .bss           0x20000002        0x0 pressure_sensor.o
                0x20000004                . = ALIGN (0x4)
 *fill*         0x20000002        0x2 
                0x20000004                _E_bss = .
                0x20000004                . = ALIGN (0x4)
                0x20001004                . = (. + 0x1000)
 *fill*         0x20000004     0x1000 
                0x20001004                _stack_top = .
LOAD alarm.o
LOAD driver.o
LOAD main.o
LOAD pressure_sensor.o
LOAD startup.o
OUTPUT(Pressure_Monitor.elf elf32-littlearm)
LOAD linker stubs

.debug_info     0x00000000      0x5a2
 .debug_info    0x00000000      0x180 startup.o
 .debug_info    0x00000180      0x103 alarm.o
 .debug_info    0x00000283      0x142 driver.o
 .debug_info    0x000003c5       0xe6 main.o
 .debug_info    0x000004ab       0xf7 pressure_sensor.o

.debug_abbrev   0x00000000      0x346
 .debug_abbrev  0x00000000       0xbb startup.o
 .debug_abbrev  0x000000bb       0x8f alarm.o
 .debug_abbrev  0x0000014a       0xd6 driver.o
 .debug_abbrev  0x00000220       0x82 main.o
 .debug_abbrev  0x000002a2       0xa4 pressure_sensor.o

.debug_loc      0x00000000      0x3a0
 .debug_loc     0x00000000       0x7c startup.o
 .debug_loc     0x0000007c       0xd4 alarm.o
 .debug_loc     0x00000150      0x19c driver.o
 .debug_loc     0x000002ec       0x2c main.o
 .debug_loc     0x00000318       0x88 pressure_sensor.o

.debug_aranges  0x00000000       0xa0
 .debug_aranges
                0x00000000       0x20 startup.o
 .debug_aranges
                0x00000020       0x20 alarm.o
 .debug_aranges
                0x00000040       0x20 driver.o
 .debug_aranges
                0x00000060       0x20 main.o
 .debug_aranges
                0x00000080       0x20 pressure_sensor.o

.debug_line     0x00000000      0x2a5
 .debug_line    0x00000000       0x91 startup.o
 .debug_line    0x00000091       0x69 alarm.o
 .debug_line    0x000000fa       0x95 driver.o
 .debug_line    0x0000018f       0x96 main.o
 .debug_line    0x00000225       0x80 pressure_sensor.o

.debug_str      0x00000000      0x301
 .debug_str     0x00000000      0x1b7 startup.o
                                0x1eb (size before relaxing)
 .debug_str     0x000001b7       0x67 alarm.o
                                0x1c4 (size before relaxing)
 .debug_str     0x0000021e       0x55 driver.o
                                0x1b3 (size before relaxing)
 .debug_str     0x00000273       0x48 main.o
                                0x1a4 (size before relaxing)
 .debug_str     0x000002bb       0x46 pressure_sensor.o
                                0x1c9 (size before relaxing)

.comment        0x00000000       0x49
 .comment       0x00000000       0x49 startup.o
                                 0x4a (size before relaxing)
 .comment       0x00000049       0x4a alarm.o
 .comment       0x00000049       0x4a driver.o
 .comment       0x00000049       0x4a main.o
 .comment       0x00000049       0x4a pressure_sensor.o

.ARM.attributes
                0x00000000       0x2d
 .ARM.attributes
                0x00000000       0x2d startup.o
 .ARM.attributes
                0x0000002d       0x2d alarm.o
 .ARM.attributes
                0x0000005a       0x2d driver.o
 .ARM.attributes
                0x00000087       0x2d main.o
 .ARM.attributes
                0x000000b4       0x2d pressure_sensor.o

.debug_frame    0x00000000      0x220
 .debug_frame   0x00000000       0x50 startup.o
 .debug_frame   0x00000050       0x88 alarm.o
 .debug_frame   0x000000d8       0xc8 driver.o
 .debug_frame   0x000001a0       0x2c main.o
 .debug_frame   0x000001cc       0x54 pressure_sensor.o
