
Memory Configuration

Name             Origin             Length             Attributes
flash            0x08000000         0x00020000         xr
sram             0x20000000         0x00005000         xrw
*default*        0x00000000         0xffffffff

Linker script and memory map


.vectors
 startup.o(.rodata*)

.text           0x08000000       0x6b
 *(.text)
 .text          0x08000000        0xa startup.o
 *fill*         0x0800000a        0x2 
 .text          0x0800000c       0x5c app.o
                0x0800000c                main
 *(.rodata)
 .rodata        0x08000068        0x3 app.o
                0x08000068                arr1
                0x0800006b                _E_text = .

.glue_7         0x0800006c        0x0
 .glue_7        0x0800006c        0x0 linker stubs

.glue_7t        0x0800006c        0x0
 .glue_7t       0x0800006c        0x0 linker stubs

.vfp11_veneer   0x0800006c        0x0
 .vfp11_veneer  0x0800006c        0x0 linker stubs

.v4_bx          0x0800006c        0x0
 .v4_bx         0x0800006c        0x0 linker stubs

.iplt           0x0800006c        0x0
 .iplt          0x0800006c        0x0 startup.o

.rel.dyn        0x0800006c        0x0
 .rel.iplt      0x0800006c        0x0 startup.o

.data           0x20000000        0x5 load address 0x0800006b
                0x20000000                _S_data = .
 *(.data)
 .data          0x20000000        0x0 startup.o
 .data          0x20000000        0x5 app.o
                0x20000000                arr0
                0x20000005                _E_data = .

.igot.plt       0x20000008        0x0 load address 0x08000070
 .igot.plt      0x20000008        0x0 startup.o

.bss            0x20000008     0x1008 load address 0x08000070
                0x20000008                _S_bss = .
 *(.bss)
 .bss           0x20000008        0x0 startup.o
 .bss           0x20000008        0x5 app.o
                0x20000008                arr2
                0x20000010                . = ALIGN (0x4)
 *fill*         0x2000000d        0x3 
                0x20000010                _E_bss = .
                0x20000010                . = ALIGN (0x4)
                0x20001010                . = (. + 0x1000)
 *fill*         0x20000010     0x1000 
                0x20001010                _stack_top = .
LOAD startup.o
LOAD app.o
OUTPUT(toggel_led.elf elf32-littlearm)
LOAD linker stubs

.vectores       0x00000000        0x8
 .vectores      0x00000000        0x8 startup.o

.ARM.attributes
                0x00000000       0x2f
 .ARM.attributes
                0x00000000       0x21 startup.o
 .ARM.attributes
                0x00000021       0x2d app.o

.comment        0x00000000       0x49
 .comment       0x00000000       0x49 app.o
                                 0x4a (size before relaxing)

.debug_line     0x00000000       0xa8
 .debug_line    0x00000000       0x3b startup.o
 .debug_line    0x0000003b       0x6d app.o

.debug_info     0x00000000      0x14f
 .debug_info    0x00000000       0x26 startup.o
 .debug_info    0x00000026      0x129 app.o

.debug_abbrev   0x00000000       0xa8
 .debug_abbrev  0x00000000       0x14 startup.o
 .debug_abbrev  0x00000014       0x94 app.o

.debug_aranges  0x00000000       0x40
 .debug_aranges
                0x00000000       0x20 startup.o
 .debug_aranges
                0x00000020       0x20 app.o

.debug_str      0x00000000      0x16a
 .debug_str     0x00000000       0x81 startup.o
 .debug_str     0x00000081       0xe9 app.o
                                0x18b (size before relaxing)

.debug_loc      0x00000000       0x38
 .debug_loc     0x00000000       0x38 app.o

.debug_frame    0x00000000       0x2c
 .debug_frame   0x00000000       0x2c app.o
