Archive member included to satisfy reference by file (symbol)

d:/programe/7.0/toolchain/avr8/avr8-gnu-toolchain/bin/../lib/gcc/avr/5.4.0/avr5\libgcc.a(_exit.o)
                              D:/programe/7.0/Packs/atmel/ATmega_DFP/1.7.374/gcc/dev/atmega32a/avr5/crtatmega32a.o (exit)
d:/programe/7.0/toolchain/avr8/avr8-gnu-toolchain/bin/../lib/gcc/avr/5.4.0/avr5\libgcc.a(_copy_data.o)
                              Application/application.o (__do_copy_data)

Discarded input sections

 .data          0x00000000        0x0 D:/programe/7.0/Packs/atmel/ATmega_DFP/1.7.374/gcc/dev/atmega32a/avr5/crtatmega32a.o
 .bss           0x00000000        0x0 D:/programe/7.0/Packs/atmel/ATmega_DFP/1.7.374/gcc/dev/atmega32a/avr5/crtatmega32a.o
 .text          0x00000000        0x0 Application/application.o
 .data          0x00000000        0x0 Application/application.o
 .bss           0x00000000        0x0 Application/application.o
 .text          0x00000000        0x0 EUCAL/BUTTON Driver/SW_programe.o
 .data          0x00000000        0x0 EUCAL/BUTTON Driver/SW_programe.o
 .bss           0x00000000        0x0 EUCAL/BUTTON Driver/SW_programe.o
 .text.SW_VoidInit
                0x00000000        0x8 EUCAL/BUTTON Driver/SW_programe.o
 .text.SW_Uint8GetPressed
                0x00000000       0x4a EUCAL/BUTTON Driver/SW_programe.o
 .debug_info    0x00000000      0x201 EUCAL/BUTTON Driver/SW_programe.o
 .debug_abbrev  0x00000000      0x116 EUCAL/BUTTON Driver/SW_programe.o
 .debug_loc     0x00000000       0x90 EUCAL/BUTTON Driver/SW_programe.o
 .debug_aranges
                0x00000000       0x28 EUCAL/BUTTON Driver/SW_programe.o
 .debug_ranges  0x00000000       0x18 EUCAL/BUTTON Driver/SW_programe.o
 .debug_line    0x00000000      0x132 EUCAL/BUTTON Driver/SW_programe.o
 .debug_str     0x00000000      0x201 EUCAL/BUTTON Driver/SW_programe.o
 .comment       0x00000000       0x31 EUCAL/BUTTON Driver/SW_programe.o
 .debug_frame   0x00000000       0x3c EUCAL/BUTTON Driver/SW_programe.o
 .text          0x00000000        0x0 EUCAL/LED Driver/LED_program.o
 .data          0x00000000        0x0 EUCAL/LED Driver/LED_program.o
 .bss           0x00000000        0x0 EUCAL/LED Driver/LED_program.o
 .text.LED_Init
                0x00000000       0x46 EUCAL/LED Driver/LED_program.o
 .text.LED_On   0x00000000       0x32 EUCAL/LED Driver/LED_program.o
 .text.LED_Off  0x00000000       0x32 EUCAL/LED Driver/LED_program.o
 .text.LED_Tog  0x00000000        0xa EUCAL/LED Driver/LED_program.o
 .text.LED_Init_Port
                0x00000000        0x8 EUCAL/LED Driver/LED_program.o
 .debug_info    0x00000000      0x356 EUCAL/LED Driver/LED_program.o
 .debug_abbrev  0x00000000      0x11b EUCAL/LED Driver/LED_program.o
 .debug_loc     0x00000000      0x140 EUCAL/LED Driver/LED_program.o
 .debug_aranges
                0x00000000       0x40 EUCAL/LED Driver/LED_program.o
 .debug_ranges  0x00000000       0x30 EUCAL/LED Driver/LED_program.o
 .debug_line    0x00000000      0x191 EUCAL/LED Driver/LED_program.o
 .debug_str     0x00000000      0x229 EUCAL/LED Driver/LED_program.o
 .comment       0x00000000       0x31 EUCAL/LED Driver/LED_program.o
 .debug_frame   0x00000000       0x6c EUCAL/LED Driver/LED_program.o
 .text          0x00000000        0x0 EUCAL/SSD Driver/SSD_program.o
 .data          0x00000000        0x0 EUCAL/SSD Driver/SSD_program.o
 .bss           0x00000000        0x0 EUCAL/SSD Driver/SSD_program.o
 .text.SSD_voidDisable
                0x00000000       0x50 EUCAL/SSD Driver/SSD_program.o
 .text          0x00000000        0x0 main.o
 .data          0x00000000        0x0 main.o
 .bss           0x00000000        0x0 main.o
 .text          0x00000000        0x0 MCAL/DIO Driver/DIO_program.o
 .data          0x00000000        0x0 MCAL/DIO Driver/DIO_program.o
 .bss           0x00000000        0x0 MCAL/DIO Driver/DIO_program.o
 .text.DIO_VoidTogglePin
                0x00000000       0x7c MCAL/DIO Driver/DIO_program.o
 .text.DIO_Uint8ReadPin
                0x00000000       0x5c MCAL/DIO Driver/DIO_program.o
 .text.DIO_Uint8ReadPort
                0x00000000       0x22 MCAL/DIO Driver/DIO_program.o
 .text.DIO_VoidTogglePort
                0x00000000       0x30 MCAL/DIO Driver/DIO_program.o
 .text          0x00000000        0x0 d:/programe/7.0/toolchain/avr8/avr8-gnu-toolchain/bin/../lib/gcc/avr/5.4.0/avr5\libgcc.a(_exit.o)
 .data          0x00000000        0x0 d:/programe/7.0/toolchain/avr8/avr8-gnu-toolchain/bin/../lib/gcc/avr/5.4.0/avr5\libgcc.a(_exit.o)
 .bss           0x00000000        0x0 d:/programe/7.0/toolchain/avr8/avr8-gnu-toolchain/bin/../lib/gcc/avr/5.4.0/avr5\libgcc.a(_exit.o)
 .text.libgcc.mul
                0x00000000        0x0 d:/programe/7.0/toolchain/avr8/avr8-gnu-toolchain/bin/../lib/gcc/avr/5.4.0/avr5\libgcc.a(_exit.o)
 .text.libgcc.div
                0x00000000        0x0 d:/programe/7.0/toolchain/avr8/avr8-gnu-toolchain/bin/../lib/gcc/avr/5.4.0/avr5\libgcc.a(_exit.o)
 .text.libgcc   0x00000000        0x0 d:/programe/7.0/toolchain/avr8/avr8-gnu-toolchain/bin/../lib/gcc/avr/5.4.0/avr5\libgcc.a(_exit.o)
 .text.libgcc.prologue
                0x00000000        0x0 d:/programe/7.0/toolchain/avr8/avr8-gnu-toolchain/bin/../lib/gcc/avr/5.4.0/avr5\libgcc.a(_exit.o)
 .text.libgcc.builtins
                0x00000000        0x0 d:/programe/7.0/toolchain/avr8/avr8-gnu-toolchain/bin/../lib/gcc/avr/5.4.0/avr5\libgcc.a(_exit.o)
 .text.libgcc.fmul
                0x00000000        0x0 d:/programe/7.0/toolchain/avr8/avr8-gnu-toolchain/bin/../lib/gcc/avr/5.4.0/avr5\libgcc.a(_exit.o)
 .text.libgcc.fixed
                0x00000000        0x0 d:/programe/7.0/toolchain/avr8/avr8-gnu-toolchain/bin/../lib/gcc/avr/5.4.0/avr5\libgcc.a(_exit.o)
 .text          0x00000000        0x0 d:/programe/7.0/toolchain/avr8/avr8-gnu-toolchain/bin/../lib/gcc/avr/5.4.0/avr5\libgcc.a(_copy_data.o)
 .data          0x00000000        0x0 d:/programe/7.0/toolchain/avr8/avr8-gnu-toolchain/bin/../lib/gcc/avr/5.4.0/avr5\libgcc.a(_copy_data.o)
 .bss           0x00000000        0x0 d:/programe/7.0/toolchain/avr8/avr8-gnu-toolchain/bin/../lib/gcc/avr/5.4.0/avr5\libgcc.a(_copy_data.o)
 .text.libgcc.mul
                0x00000000        0x0 d:/programe/7.0/toolchain/avr8/avr8-gnu-toolchain/bin/../lib/gcc/avr/5.4.0/avr5\libgcc.a(_copy_data.o)
 .text.libgcc.div
                0x00000000        0x0 d:/programe/7.0/toolchain/avr8/avr8-gnu-toolchain/bin/../lib/gcc/avr/5.4.0/avr5\libgcc.a(_copy_data.o)
 .text.libgcc   0x00000000        0x0 d:/programe/7.0/toolchain/avr8/avr8-gnu-toolchain/bin/../lib/gcc/avr/5.4.0/avr5\libgcc.a(_copy_data.o)
 .text.libgcc.prologue
                0x00000000        0x0 d:/programe/7.0/toolchain/avr8/avr8-gnu-toolchain/bin/../lib/gcc/avr/5.4.0/avr5\libgcc.a(_copy_data.o)
 .text.libgcc.builtins
                0x00000000        0x0 d:/programe/7.0/toolchain/avr8/avr8-gnu-toolchain/bin/../lib/gcc/avr/5.4.0/avr5\libgcc.a(_copy_data.o)
 .text.libgcc.fmul
                0x00000000        0x0 d:/programe/7.0/toolchain/avr8/avr8-gnu-toolchain/bin/../lib/gcc/avr/5.4.0/avr5\libgcc.a(_copy_data.o)
 .text.libgcc.fixed
                0x00000000        0x0 d:/programe/7.0/toolchain/avr8/avr8-gnu-toolchain/bin/../lib/gcc/avr/5.4.0/avr5\libgcc.a(_copy_data.o)

Memory Configuration

Name             Origin             Length             Attributes
text             0x00000000         0x00008000         xr
data             0x00800060         0x00000800         rw !x
eeprom           0x00810000         0x00000400         rw !x
fuse             0x00820000         0x00000002         rw !x
lock             0x00830000         0x00000400         rw !x
signature        0x00840000         0x00000400         rw !x
user_signatures  0x00850000         0x00000400         rw !x
*default*        0x00000000         0xffffffff

Linker script and memory map

LOAD D:/programe/7.0/Packs/atmel/ATmega_DFP/1.7.374/gcc/dev/atmega32a/avr5/crtatmega32a.o
LOAD Application/application.o
LOAD EUCAL/BUTTON Driver/SW_programe.o
LOAD EUCAL/LED Driver/LED_program.o
LOAD EUCAL/SSD Driver/SSD_program.o
LOAD main.o
LOAD MCAL/DIO Driver/DIO_program.o
START GROUP
LOAD d:/programe/7.0/toolchain/avr8/avr8-gnu-toolchain/bin/../lib/gcc/avr/5.4.0/../../../../avr/lib/avr5\libm.a
END GROUP
START GROUP
LOAD d:/programe/7.0/toolchain/avr8/avr8-gnu-toolchain/bin/../lib/gcc/avr/5.4.0/avr5\libgcc.a
LOAD d:/programe/7.0/toolchain/avr8/avr8-gnu-toolchain/bin/../lib/gcc/avr/5.4.0/../../../../avr/lib/avr5\libm.a
LOAD d:/programe/7.0/toolchain/avr8/avr8-gnu-toolchain/bin/../lib/gcc/avr/5.4.0/../../../../avr/lib/avr5\libc.a
LOAD D:/programe/7.0/Packs/atmel/ATmega_DFP/1.7.374/gcc/dev/atmega32a/avr5\libatmega32a.a
END GROUP
                [0x00000000]                __TEXT_REGION_ORIGIN__ = DEFINED (__TEXT_REGION_ORIGIN__)?__TEXT_REGION_ORIGIN__:0x0
                [0x00800060]                __DATA_REGION_ORIGIN__ = DEFINED (__DATA_REGION_ORIGIN__)?__DATA_REGION_ORIGIN__:0x800060
                [0x00008000]                __TEXT_REGION_LENGTH__ = DEFINED (__TEXT_REGION_LENGTH__)?__TEXT_REGION_LENGTH__:0x20000
                [0x00000800]                __DATA_REGION_LENGTH__ = DEFINED (__DATA_REGION_LENGTH__)?__DATA_REGION_LENGTH__:0xffa0
                [0x00000400]                __EEPROM_REGION_LENGTH__ = DEFINED (__EEPROM_REGION_LENGTH__)?__EEPROM_REGION_LENGTH__:0x10000
                [0x00000002]                __FUSE_REGION_LENGTH__ = DEFINED (__FUSE_REGION_LENGTH__)?__FUSE_REGION_LENGTH__:0x400
                0x00000400                __LOCK_REGION_LENGTH__ = DEFINED (__LOCK_REGION_LENGTH__)?__LOCK_REGION_LENGTH__:0x400
                0x00000400                __SIGNATURE_REGION_LENGTH__ = DEFINED (__SIGNATURE_REGION_LENGTH__)?__SIGNATURE_REGION_LENGTH__:0x400
                0x00000400                __USER_SIGNATURE_REGION_LENGTH__ = DEFINED (__USER_SIGNATURE_REGION_LENGTH__)?__USER_SIGNATURE_REGION_LENGTH__:0x400

.hash
 *(.hash)

.dynsym
 *(.dynsym)

.dynstr
 *(.dynstr)

.gnu.version
 *(.gnu.version)

.gnu.version_d
 *(.gnu.version_d)

.gnu.version_r
 *(.gnu.version_r)

.rel.init
 *(.rel.init)

.rela.init
 *(.rela.init)

.rel.text
 *(.rel.text)
 *(.rel.text.*)
 *(.rel.gnu.linkonce.t*)

.rela.text
 *(.rela.text)
 *(.rela.text.*)
 *(.rela.gnu.linkonce.t*)

.rel.fini
 *(.rel.fini)

.rela.fini
 *(.rela.fini)

.rel.rodata
 *(.rel.rodata)
 *(.rel.rodata.*)
 *(.rel.gnu.linkonce.r*)

.rela.rodata
 *(.rela.rodata)
 *(.rela.rodata.*)
 *(.rela.gnu.linkonce.r*)

.rel.data
 *(.rel.data)
 *(.rel.data.*)
 *(.rel.gnu.linkonce.d*)

.rela.data
 *(.rela.data)
 *(.rela.data.*)
 *(.rela.gnu.linkonce.d*)

.rel.ctors
 *(.rel.ctors)

.rela.ctors
 *(.rela.ctors)

.rel.dtors
 *(.rel.dtors)

.rela.dtors
 *(.rela.dtors)

.rel.got
 *(.rel.got)

.rela.got
 *(.rela.got)

.rel.bss
 *(.rel.bss)

.rela.bss
 *(.rela.bss)

.rel.plt
 *(.rel.plt)

.rela.plt
 *(.rela.plt)

.text           0x00000000      0x3ec
 *(.vectors)
 .vectors       0x00000000       0x54 D:/programe/7.0/Packs/atmel/ATmega_DFP/1.7.374/gcc/dev/atmega32a/avr5/crtatmega32a.o
                0x00000000                __vector_default
                0x00000000                __vectors
 *(.vectors)
 *(.progmem.gcc*)
                0x00000054                . = ALIGN (0x2)
                0x00000054                __trampolines_start = .
 *(.trampolines)
 .trampolines   0x00000054        0x0 linker stubs
 *(.trampolines*)
                0x00000054                __trampolines_end = .
 *libprintf_flt.a:*(.progmem.data)
 *libc.a:*(.progmem.data)
 *(.progmem*)
                0x00000054                . = ALIGN (0x2)
 *(.jumptables)
 *(.jumptables*)
 *(.lowtext)
 *(.lowtext*)
                0x00000054                __ctors_start = .
 *(.ctors)
                0x00000054                __ctors_end = .
                0x00000054                __dtors_start = .
 *(.dtors)
                0x00000054                __dtors_end = .
 SORT(*)(.ctors)
 SORT(*)(.dtors)
 *(.init0)
 .init0         0x00000054        0x0 D:/programe/7.0/Packs/atmel/ATmega_DFP/1.7.374/gcc/dev/atmega32a/avr5/crtatmega32a.o
                0x00000054                __init
 *(.init0)
 *(.init1)
 *(.init1)
 *(.init2)
 .init2         0x00000054        0xc D:/programe/7.0/Packs/atmel/ATmega_DFP/1.7.374/gcc/dev/atmega32a/avr5/crtatmega32a.o
 *(.init2)
 *(.init3)
 *(.init3)
 *(.init4)
 .init4         0x00000060       0x16 d:/programe/7.0/toolchain/avr8/avr8-gnu-toolchain/bin/../lib/gcc/avr/5.4.0/avr5\libgcc.a(_copy_data.o)
                0x00000060                __do_copy_data
 *(.init4)
 *(.init5)
 *(.init5)
 *(.init6)
 *(.init6)
 *(.init7)
 *(.init7)
 *(.init8)
 *(.init8)
 *(.init9)
 .init9         0x00000076        0x8 D:/programe/7.0/Packs/atmel/ATmega_DFP/1.7.374/gcc/dev/atmega32a/avr5/crtatmega32a.o
 *(.init9)
 *(.text)
 .text          0x0000007e        0x4 D:/programe/7.0/Packs/atmel/ATmega_DFP/1.7.374/gcc/dev/atmega32a/avr5/crtatmega32a.o
                0x0000007e                __vector_1
                0x0000007e                __vector_12
                0x0000007e                __bad_interrupt
                0x0000007e                __vector_6
                0x0000007e                __vector_3
                0x0000007e                __vector_11
                0x0000007e                __vector_13
                0x0000007e                __vector_17
                0x0000007e                __vector_19
                0x0000007e                __vector_7
                0x0000007e                __vector_5
                0x0000007e                __vector_4
                0x0000007e                __vector_9
                0x0000007e                __vector_2
                0x0000007e                __vector_15
                0x0000007e                __vector_8
                0x0000007e                __vector_14
                0x0000007e                __vector_10
                0x0000007e                __vector_16
                0x0000007e                __vector_18
                0x0000007e                __vector_20
                0x00000082                . = ALIGN (0x2)
 *(.text.*)
 .text.App_init
                0x00000082       0x22 Application/application.o
                0x00000082                App_init
 .text.App_start
                0x000000a4       0x36 Application/application.o
                0x000000a4                App_start
 .text.SSD_voidInitialDataPort
                0x000000da        0xc EUCAL/SSD Driver/SSD_program.o
                0x000000da                SSD_voidInitialDataPort
 .text.SSD_voidEnable
                0x000000e6       0x50 EUCAL/SSD Driver/SSD_program.o
                0x000000e6                SSD_voidEnable
 .text.SSD_voidSendNumber
                0x00000136       0x64 EUCAL/SSD Driver/SSD_program.o
                0x00000136                SSD_voidSendNumber
 .text.main     0x0000019a        0xe main.o
                0x0000019a                main
 .text.DIO_VoidSetPinDir
                0x000001a8      0x100 MCAL/DIO Driver/DIO_program.o
                0x000001a8                DIO_VoidSetPinDir
 .text.DIO_VoidWritePin
                0x000002a8      0x100 MCAL/DIO Driver/DIO_program.o
                0x000002a8                DIO_VoidWritePin
 .text.DIO_VoidSetPortDir
                0x000003a8       0x20 MCAL/DIO Driver/DIO_program.o
                0x000003a8                DIO_VoidSetPortDir
 .text.DIO_VoidWritePort
                0x000003c8       0x20 MCAL/DIO Driver/DIO_program.o
                0x000003c8                DIO_VoidWritePort
                0x000003e8                . = ALIGN (0x2)
 *(.fini9)
 .fini9         0x000003e8        0x0 d:/programe/7.0/toolchain/avr8/avr8-gnu-toolchain/bin/../lib/gcc/avr/5.4.0/avr5\libgcc.a(_exit.o)
                0x000003e8                _exit
                0x000003e8                exit
 *(.fini9)
 *(.fini8)
 *(.fini8)
 *(.fini7)
 *(.fini7)
 *(.fini6)
 *(.fini6)
 *(.fini5)
 *(.fini5)
 *(.fini4)
 *(.fini4)
 *(.fini3)
 *(.fini3)
 *(.fini2)
 *(.fini2)
 *(.fini1)
 *(.fini1)
 *(.fini0)
 .fini0         0x000003e8        0x4 d:/programe/7.0/toolchain/avr8/avr8-gnu-toolchain/bin/../lib/gcc/avr/5.4.0/avr5\libgcc.a(_exit.o)
 *(.fini0)
                0x000003ec                _etext = .

.data           0x00800060        0xc load address 0x000003ec
                0x00800060                PROVIDE (__data_start, .)
 *(.data)
 *(.data*)
 .data.SSD2     0x00800060        0x1 Application/application.o
                0x00800060                SSD2
 .data.SSD1     0x00800061        0x1 Application/application.o
                0x00800061                SSD1
 *(.gnu.linkonce.d*)
 *(.rodata)
 *(.rodata*)
 .rodata.Numbers
                0x00800062        0xa EUCAL/SSD Driver/SSD_program.o
 *(.gnu.linkonce.r*)
                0x0080006c                . = ALIGN (0x2)
                0x0080006c                _edata = .
                0x0080006c                PROVIDE (__data_end, .)

.bss            0x0080006c        0x0
                [!provide]                PROVIDE (__bss_start, .)
 *(.bss)
 *(.bss*)
 *(COMMON)
                [!provide]                PROVIDE (__bss_end, .)
                0x000003ec                __data_load_start = LOADADDR (.data)
                0x000003f8                __data_load_end = (__data_load_start + SIZEOF (.data))

.noinit         0x0080006c        0x0
                [!provide]                PROVIDE (__noinit_start, .)
 *(.noinit*)
                [!provide]                PROVIDE (__noinit_end, .)
                0x0080006c                _end = .
                [!provide]                PROVIDE (__heap_start, .)

.eeprom         0x00810000        0x0
 *(.eeprom*)
                0x00810000                __eeprom_end = .

.fuse
 *(.fuse)
 *(.lfuse)
 *(.hfuse)
 *(.efuse)

.lock
 *(.lock*)

.signature
 *(.signature*)

.user_signatures
 *(.user_signatures*)

.stab
 *(.stab)

.stabstr
 *(.stabstr)

.stab.excl
 *(.stab.excl)

.stab.exclstr
 *(.stab.exclstr)

.stab.index
 *(.stab.index)

.stab.indexstr
 *(.stab.indexstr)

.comment        0x00000000       0x30
 *(.comment)
 .comment       0x00000000       0x30 Application/application.o
                                 0x31 (size before relaxing)
 .comment       0x00000030       0x31 EUCAL/SSD Driver/SSD_program.o
 .comment       0x00000030       0x31 main.o
 .comment       0x00000030       0x31 MCAL/DIO Driver/DIO_program.o

.note.gnu.avr.deviceinfo
                0x00000000       0x3c
 .note.gnu.avr.deviceinfo
                0x00000000       0x3c D:/programe/7.0/Packs/atmel/ATmega_DFP/1.7.374/gcc/dev/atmega32a/avr5/crtatmega32a.o

.note.gnu.build-id
 *(.note.gnu.build-id)

.debug
 *(.debug)

.line
 *(.line)

.debug_srcinfo
 *(.debug_srcinfo)

.debug_sfnames
 *(.debug_sfnames)

.debug_aranges  0x00000000       0xd8
 *(.debug_aranges)
 .debug_aranges
                0x00000000       0x28 Application/application.o
 .debug_aranges
                0x00000028       0x38 EUCAL/SSD Driver/SSD_program.o
 .debug_aranges
                0x00000060       0x20 main.o
 .debug_aranges
                0x00000080       0x58 MCAL/DIO Driver/DIO_program.o

.debug_pubnames
 *(.debug_pubnames)

.debug_info     0x00000000      0xd3c
 *(.debug_info .gnu.linkonce.wi.*)
 .debug_info    0x00000000      0x4e6 D:/programe/7.0/Packs/atmel/ATmega_DFP/1.7.374/gcc/dev/atmega32a/avr5/crtatmega32a.o
 .debug_info    0x000004e6      0x23b Application/application.o
 .debug_info    0x00000721      0x35a EUCAL/SSD Driver/SSD_program.o
 .debug_info    0x00000a7b       0x7c main.o
 .debug_info    0x00000af7      0x245 MCAL/DIO Driver/DIO_program.o

.debug_abbrev   0x00000000      0x88a
 *(.debug_abbrev)
 .debug_abbrev  0x00000000      0x4a3 D:/programe/7.0/Packs/atmel/ATmega_DFP/1.7.374/gcc/dev/atmega32a/avr5/crtatmega32a.o
 .debug_abbrev  0x000004a3      0x15b Application/application.o
 .debug_abbrev  0x000005fe      0x143 EUCAL/SSD Driver/SSD_program.o
 .debug_abbrev  0x00000741       0x5a main.o
 .debug_abbrev  0x0000079b       0xef MCAL/DIO Driver/DIO_program.o

.debug_line     0x00000000      0x72b
 *(.debug_line .debug_line.* .debug_line_end)
 .debug_line    0x00000000      0x116 D:/programe/7.0/Packs/atmel/ATmega_DFP/1.7.374/gcc/dev/atmega32a/avr5/crtatmega32a.o
 .debug_line    0x00000116      0x15c Application/application.o
 .debug_line    0x00000272      0x17a EUCAL/SSD Driver/SSD_program.o
 .debug_line    0x000003ec       0x6d main.o
 .debug_line    0x00000459      0x2d2 MCAL/DIO Driver/DIO_program.o

.debug_frame    0x00000000      0x150
 *(.debug_frame)
 .debug_frame   0x00000000       0x34 Application/application.o
 .debug_frame   0x00000034       0x64 EUCAL/SSD Driver/SSD_program.o
 .debug_frame   0x00000098       0x24 main.o
 .debug_frame   0x000000bc       0x94 MCAL/DIO Driver/DIO_program.o

.debug_str      0x00000000      0x4d2
 *(.debug_str)
 .debug_str     0x00000000      0x196 D:/programe/7.0/Packs/atmel/ATmega_DFP/1.7.374/gcc/dev/atmega32a/avr5/crtatmega32a.o
 .debug_str     0x00000196      0x21c Application/application.o
                                0x25e (size before relaxing)
 .debug_str     0x000003b2       0x94 EUCAL/SSD Driver/SSD_program.o
                                0x273 (size before relaxing)
 .debug_str     0x00000446       0x11 main.o
                                0x118 (size before relaxing)
 .debug_str     0x00000457       0x7b MCAL/DIO Driver/DIO_program.o
                                0x23e (size before relaxing)

.debug_loc      0x00000000      0x35b
 *(.debug_loc)
 .debug_loc     0x00000000       0x67 Application/application.o
 .debug_loc     0x00000067      0x14d EUCAL/SSD Driver/SSD_program.o
 .debug_loc     0x000001b4      0x1a7 MCAL/DIO Driver/DIO_program.o

.debug_macinfo
 *(.debug_macinfo)

.debug_weaknames
 *(.debug_weaknames)

.debug_funcnames
 *(.debug_funcnames)

.debug_typenames
 *(.debug_typenames)

.debug_varnames
 *(.debug_varnames)

.debug_pubtypes
 *(.debug_pubtypes)

.debug_ranges   0x00000000       0x98
 *(.debug_ranges)
 .debug_ranges  0x00000000       0x18 Application/application.o
 .debug_ranges  0x00000018       0x28 EUCAL/SSD Driver/SSD_program.o
 .debug_ranges  0x00000040       0x10 main.o
 .debug_ranges  0x00000050       0x48 MCAL/DIO Driver/DIO_program.o

.debug_macro
 *(.debug_macro)
OUTPUT(Task_2.elf elf32-avr)
LOAD linker stubs
