
Memory Configuration

Name             Origin             Length             Attributes
flash            0x08000000         0x00020000         xr
sram             0x20000000         0x00005000         xrw
*default*        0x00000000         0xffffffff

Linker script and memory map


.text           0x08000000       0x73
 *(.vectores*)
 .vectores      0x08000000        0x8 startup.o
 *(.text)
 .text          0x08000008        0xa startup.o
 *fill*         0x08000012        0x2 
 .text          0x08000014       0x5c app.o
                0x08000014                main
 *(.rodata)
 .rodata        0x08000070        0x3 app.o
                0x08000070                arr1

.glue_7         0x08000074        0x0
 .glue_7        0x08000074        0x0 linker stubs

.glue_7t        0x08000074        0x0
 .glue_7t       0x08000074        0x0 linker stubs

.vfp11_veneer   0x08000074        0x0
 .vfp11_veneer  0x08000074        0x0 linker stubs

.v4_bx          0x08000074        0x0
 .v4_bx         0x08000074        0x0 linker stubs

.iplt           0x08000074        0x0
 .iplt          0x08000074        0x0 startup.o

.rel.dyn        0x08000074        0x0
 .rel.iplt      0x08000074        0x0 startup.o

.data           0x08000074        0x3
 *(.data)
 .data          0x08000074        0x0 startup.o
 .data          0x08000074        0x3 app.o
                0x08000074                arr0

.igot.plt       0x08000078        0x0
 .igot.plt      0x08000078        0x0 startup.o

.bss            0x20000000        0x4
 *(.bss)
 .bss           0x20000000        0x0 startup.o
 .bss           0x20000000        0x4 app.o
                0x20000000                arr2
LOAD startup.o
LOAD app.o
OUTPUT(toggel_led.elf elf32-littlearm)
LOAD linker stubs

.ARM.attributes
                0x00000000       0x2f
 .ARM.attributes
                0x00000000       0x21 startup.o
 .ARM.attributes
                0x00000021       0x2d app.o

.comment        0x00000000       0x49
 .comment       0x00000000       0x49 app.o
                                 0x4a (size before relaxing)

.debug_line     0x00000000       0xa8
 .debug_line    0x00000000       0x3b startup.o
 .debug_line    0x0000003b       0x6d app.o

.debug_info     0x00000000      0x15f
 .debug_info    0x00000000       0x26 startup.o
 .debug_info    0x00000026      0x139 app.o

.debug_abbrev   0x00000000       0xa8
 .debug_abbrev  0x00000000       0x14 startup.o
 .debug_abbrev  0x00000014       0x94 app.o

.debug_aranges  0x00000000       0x40
 .debug_aranges
                0x00000000       0x20 startup.o
 .debug_aranges
                0x00000020       0x20 app.o

.debug_str      0x00000000      0x169
 .debug_str     0x00000000       0x80 startup.o
 .debug_str     0x00000080       0xe9 app.o
                                0x18a (size before relaxing)

.debug_loc      0x00000000       0x38
 .debug_loc     0x00000000       0x38 app.o

.debug_frame    0x00000000       0x2c
 .debug_frame   0x00000000       0x2c app.o
