
Memory Configuration

Name             Origin             Length             Attributes
flash            0x08000000         0x20000000         xr
sram             0x20000000         0x20000000         xrw
*default*        0x00000000         0xffffffff

Linker script and memory map


.vectors        0x08000000       0x10
 startup.o(.vectors*)
 .vectors       0x08000000       0x10 startup.o
                0x08000000                g_p_fun_vectors

.text           0x08000010       0xfb
 *(.text)
 .text          0x08000010       0x80 startup.o
                0x08000010                H_Fault_Handler
                0x08000010                MM_Fault_Handler
                0x08000010                Default_Handler
                0x08000010                NMI_Handler
                0x0800001c                Reset_Handler
 .text          0x08000090       0x78 app.o
                0x08000090                main
 *(.rodata)
 .rodata        0x08000108        0x3 app.o
                0x08000108                arr1
                0x0800010b                _E_text = .

.glue_7         0x0800010c        0x0
 .glue_7        0x0800010c        0x0 linker stubs

.glue_7t        0x0800010c        0x0
 .glue_7t       0x0800010c        0x0 linker stubs

.vfp11_veneer   0x0800010c        0x0
 .vfp11_veneer  0x0800010c        0x0 linker stubs

.v4_bx          0x0800010c        0x0
 .v4_bx         0x0800010c        0x0 linker stubs

.iplt           0x0800010c        0x0
 .iplt          0x0800010c        0x0 startup.o

.rel.dyn        0x0800010c        0x0
 .rel.iplt      0x0800010c        0x0 startup.o

.data           0x20000000        0x5 load address 0x0800010b
                0x20000000                _S_data = .
 *(.data)
 .data          0x20000000        0x0 startup.o
 .data          0x20000000        0x5 app.o
                0x20000000                arr0
                0x20000005                _E_data = .

.igot.plt       0x20000008        0x0 load address 0x08000110
 .igot.plt      0x20000008        0x0 startup.o

.bss            0x20000008      0x408 load address 0x08000110
                0x20000008                _S_bss = .
 app.o(.bss)
 .bss           0x20000008        0x5 app.o
                0x20000008                arr2
 startup.o(.bss)
 *fill*         0x2000000d        0x3 
 .bss           0x20000010      0x400 startup.o
                0x20000410                . = ALIGN (0x4)
                0x20000410                _E_bss = .
LOAD app.o
LOAD startup.o
OUTPUT(unit3_lab4_cortexM4.elf elf32-littlearm)
LOAD linker stubs

.debug_info     0x00000000      0x2e4
 .debug_info    0x00000000      0x1b6 startup.o
 .debug_info    0x000001b6      0x12e app.o

.debug_abbrev   0x00000000      0x16d
 .debug_abbrev  0x00000000       0xd2 startup.o
 .debug_abbrev  0x000000d2       0x9b app.o

.debug_loc      0x00000000       0xb4
 .debug_loc     0x00000000       0x7c startup.o
 .debug_loc     0x0000007c       0x38 app.o

.debug_aranges  0x00000000       0x40
 .debug_aranges
                0x00000000       0x20 startup.o
 .debug_aranges
                0x00000020       0x20 app.o

.debug_line     0x00000000      0x123
 .debug_line    0x00000000       0x8f startup.o
 .debug_line    0x0000008f       0x94 app.o

.debug_str      0x00000000      0x1de
 .debug_str     0x00000000      0x1bd startup.o
                                0x1fd (size before relaxing)
 .debug_str     0x000001bd       0x21 app.o
                                0x185 (size before relaxing)

.comment        0x00000000       0x49
 .comment       0x00000000       0x49 startup.o
                                 0x4a (size before relaxing)
 .comment       0x00000049       0x4a app.o

.ARM.attributes
                0x00000000       0x2d
 .ARM.attributes
                0x00000000       0x2d startup.o
 .ARM.attributes
                0x0000002d       0x2d app.o

.debug_frame    0x00000000       0x7c
 .debug_frame   0x00000000       0x50 startup.o
 .debug_frame   0x00000050       0x2c app.o
