
Memory Configuration

Name             Origin             Length             Attributes
flash            0x08000000         0x00020000         xr
sram             0x20000000         0x00005000         xrw
*default*        0x00000000         0xffffffff

Linker script and memory map


.vectors        0x08000000       0x10
 startup.o(.rodata*)
 .rodata        0x08000000       0x10 startup.o
                0x08000000                vectors

.text           0x08000010       0xdf
 *(.text)
 .text          0x08000010       0x80 startup.o
                0x08000010                H_Fault_Handler
                0x08000010                MM_Fault_Handler
                0x08000010                Default_Handler
                0x08000010                NMI_Handler
                0x0800001c                Reset_Handler
 .text          0x08000090       0x5c app.o
                0x08000090                main
 *(.rodata)
 .rodata        0x080000ec        0x3 app.o
                0x080000ec                arr1
                0x080000ef                _E_text = .

.glue_7         0x080000f0        0x0
 .glue_7        0x080000f0        0x0 linker stubs

.glue_7t        0x080000f0        0x0
 .glue_7t       0x080000f0        0x0 linker stubs

.vfp11_veneer   0x080000f0        0x0
 .vfp11_veneer  0x080000f0        0x0 linker stubs

.v4_bx          0x080000f0        0x0
 .v4_bx         0x080000f0        0x0 linker stubs

.iplt           0x080000f0        0x0
 .iplt          0x080000f0        0x0 startup.o

.rel.dyn        0x080000f0        0x0
 .rel.iplt      0x080000f0        0x0 startup.o

.data           0x20000000        0x5 load address 0x080000ef
                0x20000000                _S_data = .
 *(.data)
 .data          0x20000000        0x0 startup.o
 .data          0x20000000        0x5 app.o
                0x20000000                arr0
                0x20000005                _E_data = .

.igot.plt       0x20000008        0x0 load address 0x080000f4
 .igot.plt      0x20000008        0x0 startup.o

.bss            0x20000008     0x1008 load address 0x080000f4
                0x20000008                _S_bss = .
 *(.bss)
 .bss           0x20000008        0x0 startup.o
 .bss           0x20000008        0x5 app.o
                0x20000008                arr2
                0x20000010                . = ALIGN (0x4)
 *fill*         0x2000000d        0x3 
                0x20000010                _E_bss = .
                0x20000010                . = ALIGN (0x4)
                0x20001010                . = (. + 0x1000)
 *fill*         0x20000010     0x1000 
                0x20001010                _stack_top = .
LOAD app.o
LOAD startup.o
OUTPUT(toggel_led.elf elf32-littlearm)
LOAD linker stubs

.debug_info     0x00000000      0x2be
 .debug_info    0x00000000      0x195 startup.o
 .debug_info    0x00000195      0x129 app.o

.debug_abbrev   0x00000000      0x15a
 .debug_abbrev  0x00000000       0xc6 startup.o
 .debug_abbrev  0x000000c6       0x94 app.o

.debug_loc      0x00000000       0xb4
 .debug_loc     0x00000000       0x7c startup.o
 .debug_loc     0x0000007c       0x38 app.o

.debug_aranges  0x00000000       0x40
 .debug_aranges
                0x00000000       0x20 startup.o
 .debug_aranges
                0x00000020       0x20 app.o

.debug_line     0x00000000       0xfe
 .debug_line    0x00000000       0x91 startup.o
 .debug_line    0x00000091       0x6d app.o

.debug_str      0x00000000      0x1d7
 .debug_str     0x00000000      0x1b6 startup.o
                                0x1f6 (size before relaxing)
 .debug_str     0x000001b6       0x21 app.o
                                0x185 (size before relaxing)

.comment        0x00000000       0x49
 .comment       0x00000000       0x49 startup.o
                                 0x4a (size before relaxing)
 .comment       0x00000049       0x4a app.o

.ARM.attributes
                0x00000000       0x2d
 .ARM.attributes
                0x00000000       0x2d startup.o
 .ARM.attributes
                0x0000002d       0x2d app.o

.debug_frame    0x00000000       0x7c
 .debug_frame   0x00000000       0x50 startup.o
 .debug_frame   0x00000050       0x2c app.o
